header sqlite3_vfs 168 8
field sqlite3_vfs xOpen 40 40
field sqlite3_vfs xCurrentTimeInt64 136 136
header sqlite3_io_methods 152 8
field sqlite3_io_methods xRead 16 16
field sqlite3_io_methods xFetch 136 136
header sqlite3_index_info 96 8
field sqlite3_index_info aConstraint 8 8
field sqlite3_index_info estimatedCost 64 64
field sqlite3_index_info colUsed 88 88
header Mem 56 8
field Mem flags 20 20
field Mem db 24 24
field Mem xDel 48 48
header FKey 64 8
field FKey nCol 40 40
field FKey aCol 64 64
header ExprList 8 8
field ExprList a 8 8
header struct ExprList_item 32 8
field struct ExprList_item fg 16 16
field struct ExprList_item u 24 24
header SrcList 8 8
field SrcList a 8 8
header VdbeCursor 120 8
field VdbeCursor seekHit 12 12
field VdbeCursor ub 16 16
field VdbeCursor uc 48 48
field VdbeCursor aType 120 120
header JsonParse 72 8
field JsonParse nBlob 8 8
field JsonParse delta 52 52
field JsonParse aIns 64 64
array FuncDefHash a 184 8 184 8 23 0 176 1 1
array JsonCache a 48 8 32 8 4 16 40 1 1
array FKey apTrigger 64 8 16 8 2 48 56 1 1
array MemPage apOvfl 136 8 32 8 4 40 64 1 1
array BtCursor apPage 296 8 152 8 19 144 288 1 1
array CellArray apEnd 104 8 48 8 6 32 72 1 1
array PragmaVtabCursor azArg 40 8 16 8 2 24 32 1 1
array WhereLoop aLTermSpace 112 8 24 8 3 88 104 1 1
required BtCursor pBt 296 8 32 32
required DbClientData zName 24 8 24 24
required Expr iTable 72 8 44 44
required Expr pLeft 72 8 16 16
required ExprList a 8 8 8 8
required FKey aCol 64 8 64 64
required HiddenIndexInfo aRhs 32 8 32 32
required IdList a 8 8 8 8
required KeyInfo aColl 32 8 32 32
required Mem db 56 8 24 24
required Parse aTempReg 424 8 192 192
required Parse sLastToken 424 8 288 288
required Parse zErrMsg 424 8 8 8
required PgHdr pDirty 80 8 32 32
required SrcList a 8 8 8 8
required Vdbe aOp 304 8 136 136
required VdbeCursor aType 120 8 120 120
required VdbeCursor pAltCursor 120 8 40 40
required VdbeSorter aTask 96 8 96 96
required WalIndexHdr aCksum 48 4 40 40
required WalIterator aSegment 8 8 8 8
required WhereInfo a 864 8 864 864
required WhereInfo nOBSat 864 8 65 65
required WhereInfo sWC 864 8 112 112
required WhereLoop nLSlot 112 8 64 64
required WhereTerm eOperator 56 8 20 20
required With a 16 8 16 16
required sqlite3_context argv 48 8 48 48
required sqlite3_module xCommit 200 8 128 128
required sqlite3_module xRollback 200 8 136 136
